Work dir: C:\Users\rayat\AppData\Local\Temp\ffmpeg_test_1772994983621
Step 1: Creating placeholder image...
  Image created OK
  Image exists: true | Size: 6155 bytes
Step 2: Creating silent audio...
  Audio created OK
  Audio exists: true | Size: 24494 bytes
Step 3: Text file written
  Raw path: C:\Users\rayat\AppData\Local\Temp\ffmpeg_test_1772994983621\text_0.txt
  Escaped path: C\\:/Users/rayat/AppData/Local/Temp/ffmpeg_test_1772994983621/text_0.txt
Step 4: Running FFmpeg scene assembly...
  Video filter: scale=1080:1920:force_original_aspect_ratio=decrease,pad=1080:1920:(ow-iw)/2:(oh-ih)/2:black,zoompan=z='min(zoom+0.001,1.15)':d=75:s=1080x1920:fps=25,drawtext=textfile=C\\:/Users/rayat/AppData/Local/Temp/ffmpeg_test_1772994983621/text_0.txt:fontsize=36:fontcolor=white:borderw=3:bordercolor=black:x=(w-text_w)/2:y=h-h/6:font=Arial
  FFmpeg command: ffmpeg -loop 1 -i C:\Users\rayat\AppData\Local\Temp\ffmpeg_test_1772994983621\scene_0.png -i C:\Users\rayat\AppData\Local\Temp\ffmpeg_test_1772994983621\scene_0.mp3 -y -shortest -pix_fmt yuv420p -c:v libx264 -c:a aac -b:a 128k -vf scale=1080:1920:force_original_aspect_ratio=decrease,pad=1080:1920:(ow-iw)/2:(oh-ih)/2:black,zoompan=z='min(zoom+0.001,1.15)':d=75:s=1080x1920:fps=25,drawtext=textfile=C\\:/Users/rayat/AppData/Local/Temp/ffmpeg_test_1772994983621/text_0.txt:fontsize=36:fontcolor=white:borderw=3:bordercolor=black:x=(w-text_w)/2:y=h-h/6:font=Arial C:\Users\rayat\AppData\Local\Temp\ffmpeg_test_1772994983621\clip_0.mp4
SUCCESS! Clip created: 14766 bytes
